This file contains any messages produced by compilers while
running configure, to aid debugging if configure makes a mistake.

It was created by configure, which was
generated by GNU Autoconf 2.69.  Invocation command line was

  $ ../configure --prefix=/perfscope/httpd/build/app --enable-mods-static=reallyall --enable-load-all-modules --with-crypto CFLAGS=-g -O0

## --------- ##
## Platform. ##
## --------- ##

hostname = 316faff71f43
uname -m = x86_64
uname -r = 5.15.0-76-generic
uname -s = Linux
uname -v = #83-Ubuntu SMP Thu Jun 15 19:16:32 UTC 2023

/usr/bin/uname -p = unknown
/bin/uname -X     = unknown

/bin/arch              = unknown
/usr/bin/arch -k       = unknown
/usr/convex/getsysinfo = unknown
/usr/bin/hostinfo      = unknown
/bin/machine           = unknown
/usr/bin/oslevel       = unknown
/bin/universe          = unknown

PATH: /perfscope/httpd/build/llvm-tools-override
PATH: /perfscope/llvm-9.0.1.src/build/bin
PATH: /perfscope/mariadb-server/build/llvm-tools-override
PATH: /perfscope/llvm-9.0.1.src/build/bin
PATH: /usr/local/sbin
PATH: /usr/local/bin
PATH: /usr/sbin
PATH: /usr/bin
PATH: /sbin
PATH: /bin


## ----------- ##
## Core tests. ##
## ----------- ##

configure:2343: error: cannot find install-sh, install.sh, or shtool in build ".."/build

## ---------------- ##
## Cache variables. ##
## ---------------- ##

ac_cv_env_CC_set=set
ac_cv_env_CC_value=wllvm
ac_cv_env_CFLAGS_set=set
ac_cv_env_CFLAGS_value='-g -O0'
ac_cv_env_CPPFLAGS_set=
ac_cv_env_CPPFLAGS_value=
ac_cv_env_CPP_set=
ac_cv_env_CPP_value=
ac_cv_env_LDFLAGS_set=
ac_cv_env_LDFLAGS_value=
ac_cv_env_LIBS_set=
ac_cv_env_LIBS_value=
ac_cv_env_build_alias_set=
ac_cv_env_build_alias_value=
ac_cv_env_host_alias_set=
ac_cv_env_host_alias_value=
ac_cv_env_target_alias_set=
ac_cv_env_target_alias_value=

## ----------------- ##
## Output variables. ##
## ----------------- ##

APR_BINDIR=''
APR_CONFIG=''
APR_INCLUDEDIR=''
APR_VERSION=''
APU_BINDIR=''
APU_CONFIG=''
APU_INCLUDEDIR=''
APU_VERSION=''
AP_BUILD_SRCLIB_DIRS=''
AP_CLEAN_SRCLIB_DIRS=''
AP_LIBS=''
AWK=''
BUILTIN_LIBS=''
CC='wllvm'
CFLAGS='-g -O0'
CORE_IMPLIB=''
CORE_IMPLIB_FILE=''
CPP=''
CPPFLAGS=''
CRYPT_LIBS=''
CXX='wllvm++'
CXXFLAGS=''
DEFS=''
DSO_MODULES=''
DTRACE=''
ECHO_C=''
ECHO_N='-n'
ECHO_T=''
EGREP=''
ENABLED_DSO_MODULES=''
ENABLED_MPM_MODULE=''
EXEEXT=''
EXTRA_CFLAGS=''
EXTRA_CPPFLAGS=''
EXTRA_CXXFLAGS=''
EXTRA_INCLUDES=''
EXTRA_LDFLAGS=''
EXTRA_LIBS=''
GREP=''
HTTPD_LDFLAGS=''
HTTPD_MMN=''
HTTPD_VERSION=''
INCLUDES=''
INSTALL=''
INSTALL_PROG_FLAGS=''
INSTALL_SUEXEC=''
INTERNAL_CPPFLAGS=''
LDFLAGS=''
LIBOBJS=''
LIBS=''
LIBTOOL=''
LN_S=''
LOAD_ALL_MODULES=''
LTCFLAGS=''
LTFLAGS=''
LTLIBOBJS=''
LT_LDFLAGS=''
LYNX_PATH=''
MATH_LIBS=''
MKDEP=''
MKINSTALLDIRS=''
MK_IMPLIB=''
MODULE_CLEANDIRS=''
MODULE_DIRS=''
MOD_SO_ENABLED=''
MPM_MODULES=''
NOTEST_CFLAGS=''
NOTEST_CPPFLAGS=''
NOTEST_CXXFLAGS=''
NOTEST_LDFLAGS=''
NOTEST_LIBS=''
OBJEXT=''
OS=''
OS_DIR=''
OS_SPECIFIC_VARS=''
PACKAGE_BUGREPORT=''
PACKAGE_NAME=''
PACKAGE_STRING=''
PACKAGE_TARNAME=''
PACKAGE_URL=''
PACKAGE_VERSION=''
PATH_SEPARATOR=':'
PCRE_CONFIG=''
PCRE_LIBS=''
PICFLAGS=''
PILDFLAGS=''
PKGCONFIG=''
PORT=''
POST_SHARED_CMDS=''
PRE_SHARED_CMDS=''
RANLIB=''
RM=''
RSYNC=''
SHELL='/bin/bash'
SHLIBPATH_VAR=''
SHLTCFLAGS=''
SH_LDFLAGS=''
SH_LIBS=''
SH_LIBTOOL=''
SSLPORT=''
SVN=''
UTIL_LDFLAGS=''
abs_srcdir=''
ac_ct_CC=''
ac_ct_PCRE_CONFIG=''
ap_make_delimiter=''
ap_make_include=''
bindir='${exec_prefix}/bin'
build=''
build_alias=''
build_cpu=''
build_os=''
build_vendor=''
cgidir=''
datadir='${datarootdir}'
datarootdir='${prefix}/share'
docdir='${datarootdir}/doc/${PACKAGE}'
dvidir='${docdir}'
errordir=''
exec_prefix='NONE'
exp_bindir=''
exp_cgidir=''
exp_datadir=''
exp_errordir=''
exp_exec_prefix=''
exp_htdocsdir=''
exp_iconsdir=''
exp_includedir=''
exp_installbuilddir=''
exp_libdir=''
exp_libexecdir=''
exp_localstatedir=''
exp_logfiledir=''
exp_mandir=''
exp_manualdir=''
exp_proxycachedir=''
exp_runtimedir=''
exp_sbindir=''
exp_sysconfdir=''
host=''
host_alias=''
host_cpu=''
host_os=''
host_vendor=''
htdocsdir=''
htmldir='${docdir}'
iconsdir=''
includedir='${prefix}/include'
infodir='${datarootdir}/info'
installbuilddir=''
libdir='${exec_prefix}/lib'
libexecdir='${exec_prefix}/libexec'
localedir='${datarootdir}/locale'
localstatedir='${prefix}/var'
logfiledir=''
mandir='${datarootdir}/man'
manualdir=''
oldincludedir='/usr/include'
other_targets=''
pdfdir='${docdir}'
perlbin=''
prefix='/perfscope/httpd/build/app'
progname=''
program_transform_name='s,x,x,'
proxycachedir=''
psdir='${docdir}'
rel_bindir=''
rel_cgidir=''
rel_datadir=''
rel_errordir=''
rel_exec_prefix=''
rel_htdocsdir=''
rel_iconsdir=''
rel_includedir=''
rel_installbuilddir=''
rel_libdir=''
rel_libexecdir=''
rel_localstatedir=''
rel_logfiledir=''
rel_mandir=''
rel_manualdir=''
rel_proxycachedir=''
rel_runtimedir=''
rel_sbindir=''
rel_sysconfdir=''
runstatedir='${localstatedir}/run'
runtimedir=''
sbindir='${exec_prefix}/sbin'
shared_build=''
sharedstatedir='${prefix}/com'
sysconfdir='${prefix}/etc'
target=''
target_alias=''
target_cpu=''
target_os=''
target_vendor=''

## ----------- ##
## confdefs.h. ##
## ----------- ##

/* confdefs.h */
#define PACKAGE_NAME ""
#define PACKAGE_TARNAME ""
#define PACKAGE_VERSION ""
#define PACKAGE_STRING ""
#define PACKAGE_BUGREPORT ""
#define PACKAGE_URL ""

configure: exit 1
